[companion] opening COM8 @ 115200 ...
  board> BIST
  board> BUILD: pinmux name-based (USART1_TX_PA9 / GPIOD_12 / ADC1_IN0) - Jul 19 2026 18:31:02
  board> --- On-board self-test (BIST) ---
  board> [BIST] clock : PASS
  board> [BIST] uart  : PASS
  board> [BIST] gpio  : PASS
  board> VREFINT raw=1516 (expect ~1500)
  board> [BIST] adc   : PASS
  board> die temp = 53.4 C (cal1=941 cal2=1197)
  board> [BIST] temp  : PASS
  board> downcast ok, async reject(adc)=yes accept(uart)=yes
  board> [BIST] io    : PASS
  board> adc irq read=508, uart mode switch ok
  board> [BIST] mode  : PASS
  board> [BIST] ringbuf: PASS
  board> SELF-TEST: PASS
  board> PING
  board> PONG
  board> ECHO hello-companion
  board> hello-companion
  board> ADC
  board> ADC CH0 raw=983 mV=913
  board> ADC 16
  board> ADC CH16 raw=1007 mV=809
  board> TEMP
  board> TEMP raw=1010 cal1=941 cal2=1197 C=50.6
  board> TICKS
  board> TICKS 25165610

[companion] RESULTS:
  bist  : PASS
  ping  : PASS
  echo  : PASS
  adc   : PASS
  adc_temp: PASS
  temp  : PASS
  ticks : PASS
[companion] OVERALL: PASS
